# serializer version: 1
# name: test_DITN_Real_GAN_x4
  ImageModelDescriptor(
    architecture='DITN',
    input_channels=3,
    output_channels=3,
    purpose='SR',
    scale=4,
    size_requirements=SizeRequirements(minimum=0, multiple_of=8, square=False),
    supports_bfloat16=True,
    supports_half=True,
    tags=list([
      '60dim',
    ]),
    tiling=<ModelTiling.SUPPORTED: 1>,
  )
# ---
# name: test_DITN_Real_x4
  ImageModelDescriptor(
    architecture='DITN',
    input_channels=3,
    output_channels=3,
    purpose='SR',
    scale=4,
    size_requirements=SizeRequirements(minimum=0, multiple_of=8, square=False),
    supports_bfloat16=True,
    supports_half=True,
    tags=list([
      '60dim',
    ]),
    tiling=<ModelTiling.SUPPORTED: 1>,
  )
# ---
