# serializer version: 1
# name: test_MAT
  MaskedImageModelDescriptor(
    architecture='MAT',
    input_channels=3,
    output_channels=3,
    purpose='Inpainting',
    scale=1,
    size_requirements=SizeRequirements(minimum=512, multiple_of=512, square=True),
    supports_bfloat16=True,
    supports_half=False,
    tags=list([
    ]),
    tiling=<ModelTiling.SUPPORTED: 1>,
  )
# ---
