# serializer version: 1
# name: test_MMRealSRGAN
  ImageModelDescriptor(
    architecture=MMRealSRArch(
      id='MMRealSR',
      name='MMRealSR',
    ),
    input_channels=3,
    output_channels=3,
    purpose='SR',
    scale=4,
    size_requirements=SizeRequirements(minimum=16, multiple_of=1, square=False),
    supports_bfloat16=True,
    supports_half=True,
    tags=list([
      '64nf',
      '23nb',
    ]),
    tiling=<ModelTiling.SUPPORTED: 1>,
  )
# ---
# name: test_MMRealSRGAN_ModulationBest
  ImageModelDescriptor(
    architecture=MMRealSRArch(
      id='MMRealSR',
      name='MMRealSR',
    ),
    input_channels=3,
    output_channels=3,
    purpose='SR',
    scale=4,
    size_requirements=SizeRequirements(minimum=16, multiple_of=1, square=False),
    supports_bfloat16=True,
    supports_half=True,
    tags=list([
      '64nf',
      '23nb',
    ]),
    tiling=<ModelTiling.SUPPORTED: 1>,
  )
# ---
# name: test_MMRealSRNet
  ImageModelDescriptor(
    architecture=MMRealSRArch(
      id='MMRealSR',
      name='MMRealSR',
    ),
    input_channels=3,
    output_channels=3,
    purpose='SR',
    scale=4,
    size_requirements=SizeRequirements(minimum=16, multiple_of=1, square=False),
    supports_bfloat16=True,
    supports_half=True,
    tags=list([
      '64nf',
      '23nb',
    ]),
    tiling=<ModelTiling.SUPPORTED: 1>,
  )
# ---
