# serializer version: 1
# name: test_community_model
  ImageModelDescriptor(
    architecture=DRCTArch(
      id='DRCT',
      name='DRCT',
    ),
    input_channels=3,
    output_channels=3,
    purpose='SR',
    scale=4,
    size_requirements=SizeRequirements(minimum=0, multiple_of=16, square=False),
    supports_bfloat16=True,
    supports_half=False,
    tags=list([
      'large',
      's64w16',
      '180dim',
      '1conv',
    ]),
    tiling=<ModelTiling.SUPPORTED: 1>,
  )
# ---
