# serializer version: 1
# name: test_SAFMN_BCIE
  ImageModelDescriptor(
    architecture=SAFMNBCIEArch(
      id='SAFMNBCIE',
      name='SAFMN BCIE',
    ),
    input_channels=3,
    output_channels=3,
    purpose='Restoration',
    scale=1,
    size_requirements=SizeRequirements(minimum=0, multiple_of=16, square=False),
    supports_bfloat16=True,
    supports_half=False,
    tags=list([
      '128dim',
      '6nl',
      '8nb',
      '2uf',
    ]),
    tiling=<ModelTiling.SUPPORTED: 1>,
  )
# ---
