# serializer version: 1
# name: test_fftformer_GoPro
  ImageModelDescriptor(
    architecture=FFTformerArch(
      id='FFTformer',
      name='FFTformer',
    ),
    input_channels=3,
    output_channels=3,
    purpose='Restoration',
    scale=1,
    size_requirements=SizeRequirements(minimum=0, multiple_of=32, square=False),
    supports_bfloat16=True,
    supports_half=False,
    tags=list([
      '48dim',
    ]),
    tiling=<ModelTiling.SUPPORTED: 1>,
  )
# ---
