# serializer version: 1
# name: test_2x_sebica_eva
  ImageModelDescriptor(
    architecture=SebicaArch(
      id='Sebica',
      name='Sebica',
    ),
    input_channels=3,
    output_channels=3,
    purpose='SR',
    scale=2,
    size_requirements=SizeRequirements(minimum=0, multiple_of=1, square=False),
    supports_bfloat16=True,
    supports_half=True,
    tags=list([
      '16nf',
    ]),
    tiling=<ModelTiling.SUPPORTED: 1>,
  )
# ---
